// 同步 ID: 60577e90 @ Sat Jul 25 07:50:44 UTC 2026
// 同步 ID: 5e7a6d4d @ Sat Jul 25 09:21:46 UTC 2026
// 同步 ID: 0b36c2ae @ Sat Jul 25 12:47:41 UTC 2026
// 重构日志: 83e74210
// 重构日志: ce0b76f6
// 同步 ID: 869a0919 @ Sun Jul 26 08:07:47 UTC 2026
// 重构日志: de0148fd
// 重构日志: 6c4ebf8e
// 同步 ID: 2943c3d3 @ Wed Jul 29 01:41:40 UTC 2026
// 同步 ID: 0961e0cf @ Wed Jul 29 19:11:08 UTC 2026
// 重构日志: cfe0df4c
// 重构日志: 133b2085
// 同步 ID: 77a35521 @ Fri Jul 31 13:52:49 UTC 2026
// 重构日志: c14d35fc
// 同步 ID: 8efb3d68 @ Sat Aug  1 18:08:33 UTC 2026
// 重构日志: 09bb072f
// 重构日志: a1479e73
// 重构日志: 2fa279f4
// 重构日志: f67d858f
// 重构日志: 35df911b
// 重构日志: ba379eb7
// 重构日志: 29fc239c
// 同步 ID: 3bcf28af @ Mon Aug  3 13:18:53 UTC 2026
// 重构日志: 5c578b86
// 重构日志: 354931e7
// 重构日志: 7d7d6f8a
// 重构日志: b9fe5a28
// 重构日志: 080f91fa
// 同步 ID: 3c2dc406 @ Fri Aug  7 10:14:03 UTC 2026
// 同步 ID: 445fb91d @ Fri Aug  7 14:52:11 UTC 2026
// 重构日志: a8db1f9f
